<?xml version="1.0" ?>
<testsuites failures="0" name="TestXML" tests="1" time="0">
	<testsuite name="Testing various global functions" failures="0"  tests="3" time="0">
		<testcase name="CharArrayInList" time="0"></testcase>
		<testcase name="charArrayNotInList" time="0"></testcase>
		<testcase name="KeyPressTest" time="0"></testcase>
	</testsuite>

</testsuites>